// Jest Snapshot v1, https://goo.gl/fbAQLP

exports[`NewTask component renders correctly 1`] = `ReactWrapper {}`;
